 -Input File Type=IWC, with FileName=c:\iwec\035340.iwc
 -WMO Station 035340

 Statistics for GBR_Birmingham_IWEC
 Location -- BIRMINGHAM GBR  
      {N 52 27'} {W   1 43'} {GMT +0.0 Hours}
 Elevation --    99m above sea level
 Data Source -- IWEC Data

 - Using Design Conditions from "World Climate Design Data 2001 ASHRAE Handbook"
 - Climate type "Cfb" (Koppen classification)
 - Marine west coastal (warm summer, mild winter, rain all year, lat. 35-60N)

 - Typical/Extreme Period Determination
 - Summer is Jun:Aug
     Extreme Summer Week (nearest maximum temperature for summer)
     Extreme Hot Week Period selected: Aug 17:Aug 23, Maximum Temp=  30.40C, Deviation=|11.572|C

     Typical Summer Week (nearest average temperature for summer)
     Typical Week Period selected: Aug  3:Aug  9, Average Temp=  15.91C, Deviation=| 0.365|C

 - Winter is Dec:Feb
     Extreme Winter Week (nearest minimum temperature for winter)
     Extreme Cold Week Period selected: Feb 17:Feb 23, Minimum Temp=  -7.40C, Deviation=| 8.690|C

     Typical Winter Week (nearest average temperature for winter)
     Typical Week Period selected: Jan 27:Feb  2, Average Temp=   4.46C, Deviation=| 0.048|C

 - Autumn is Sep:Nov
     Typical Autumn Week (nearest average temperature for autumn)
     Typical Week Period selected: Sep 29:Oct  5, Average Temp=   9.97C, Deviation=| 0.255|C

 - Spring is Mar:May
     Typical Spring Week (nearest average temperature for spring)
     Typical Week Period selected: Mar 29:Apr  4, Average Temp=   8.29C, Deviation=| 0.345|C


 -   74 cooling degree-days (18C baseline)
 - 3111 heating degree-days (18C baseline)

 -  805 cooling degree-days (10C baseline)
 -  920 heating degree-days (10C baseline)

 - Monthly Statistics for Dry Bulb temperatures C
 	           	Jan	Feb	Mar	Apr	May	Jun	Jul	Aug	Sep	Oct	Nov	Dec	
 	Daily Avg	  4.6	  3.7	  6.4	  7.4	 11.0	 14.2	 17.2	 16.3	 13.1	  9.9	  6.9	  5.0	
 	 Maximum 	 11.9	 12.7	 17.7	 17.4	 23.1	 24.7	 28.0	 30.4	 20.3	 17.6	 15.1	 12.9	
 	 Minimum 	 -6.6	 -7.4	 -4.3	 -2.1	 -1.6	  5.5	  9.0	  5.4	  2.3	 -4.6	 -3.3	 -2.8	
   - Maximum Dry Bulb temperature of  30.4C on Aug 19
   - Minimum Dry Bulb temperature of  -7.4C on Feb  1

 - Monthly Statistics for Dew Point temperatures C
 	           	Jan	Feb	Mar	Apr	May	Jun	Jul	Aug	Sep	Oct	Nov	Dec	
 	Daily Avg	  1.5	  1.1	  1.5	  2.9	  5.7	  9.0	 12.3	 10.9	  9.4	  7.3	  4.4	  3.3	
 	 Maximum 	 10.5	  9.0	  9.2	 10.1	 14.0	 17.2	 18.6	 16.9	 15.3	 14.7	 13.7	 10.2	
 	 Minimum 	 -8.9	 -9.0	 -7.0	 -6.6	 -9.9	 -0.8	  6.3	  3.7	 -2.7	 -5.1	 -3.9	 -3.5	
   - Maximum Dew Point temperature of  18.6C on Jul 11
   - Minimum Dew Point temperature of  -9.9C on May 15

 - Monthly Calculated "undisturbed" Ground Temperatures C
 	           	Jan	Feb	Mar	Apr	May	Jun	Jul	Aug	Sep	Oct	Nov	Dec	
 	   .5 m  	  4.3	  3.8	  4.8	  7.3	 10.4	 13.5	 15.5	 16.1	 15.0	 12.5	  9.4	  6.4	
 	  2.0 m  	  6.3	  5.4	  5.6	  7.0	  9.2	 11.6	 13.5	 14.5	 14.3	 12.8	 10.7	  8.3	
 	  4.0 m  	  8.0	  7.1	  6.8	  7.4	  8.7	 10.3	 11.8	 12.8	 13.1	 12.4	 11.2	  9.5	

 - Monthly Statistics for Solar Wh/m2
 	           	Jan	Feb	Mar	Apr	May	Jun	Jul	Aug	Sep	Oct	Nov	Dec	
 	Direct Avg 	  629	 1000	 1585	 2122	 2640	 2965	 2919	 2432	 1751	 1198	  656	  615	
 	Direct Max 	 2491	 4404	 5461	 6990	 6549	 7421	 8335	 6764	 5278	 4097	 2417	 1855	
 	Diffuse Avg	  510	  971	 1604	 2440	 2967	 3181	 3225	 2750	 2002	 1221	  682	  416	
   - Maximum Direct Solar of  8335 Wh/m2 on Jul  5

 - Monthly Average Daily Relative Humidity %
 	           	Jan	Feb	Mar	Apr	May	Jun	Jul	Aug	Sep	Oct	Nov	Dec	
 	      4am	   82	   89	   81	   86	   85	   86	   91	   90	   92	   92	   88	   91	
 	     10am	   80	   82	   68	   70	   68	   66	   71	   68	   74	   83	   84	   89	
 	      3pm	   75	   71	   58	   63	   55	   58	   58	   51	   65	   72	   78	   83	
 	     10pm	   81	   85	   73	   76	   77	   77	   78	   79	   85	   89	   85	   90	

 - Monthly Indicators for Precipitation/Moisture (kPa)
 	           	Jan	Feb	Mar	Apr	May	Jun	Jul	Aug	Sep	Oct	Nov	Dec	
 	         	  0.7	  0.7	  0.7	  0.8	  0.9	  1.2	  1.4	  1.2	  1.2	  1.1	  0.9	  0.8	

 - Monthly Average Daily Wind Direction 
 	           	Jan	Feb	Mar	Apr	May	Jun	Jul	Aug	Sep	Oct	Nov	Dec	
 	         	  227	  196	  188	  171	  142	  165	  184	  216	  200	  152	  194	  200	

 - Monthly Statistics for Wind Speed m/s
 	           	Jan	Feb	Mar	Apr	May	Jun	Jul	Aug	Sep	Oct	Nov	Dec	
 	Daily Avg	  5.2	  3.1	  3.8	  4.7	  4.6	  3.6	  3.4	  3.3	  3.3	  3.6	  3.9	  3.5	
 	 Maximum 	 16.4	  9.3	  8.7	 10.8	  9.8	  9.3	  8.7	  9.3	 10.8	 12.9	 12.9	  9.3	
   - Maximum Wind Speed of  16.4 m/s on Jan 17

