 -Input File Type=IWC, with FileName=c:\iwec\033600.iwc
 -WMO Station 033600

 Statistics for GBR_Finningley_IWEC
 Location -- FINNINGLEY GBR  
      {N 53 28'} {W   1  0'} {GMT +0.0 Hours}
 Elevation --    17m above sea level
 Data Source -- IWEC Data

 - Using Design Conditions from "World Climate Design Data 2001 ASHRAE Handbook"
 - Climate type "Cfb" (Koppen classification)
 - Marine west coastal (warm summer, mild winter, rain all year, lat. 35-60N)

 - Typical/Extreme Period Determination
 - Summer is Jun:Aug
     Extreme Summer Week (nearest maximum temperature for summer)
     Extreme Hot Week Period selected: Jul  6:Jul 12, Maximum Temp=  30.80C, Deviation=|12.445|C

     Typical Summer Week (nearest average temperature for summer)
     Typical Week Period selected: Jun 29:Jul  5, Average Temp=  15.40C, Deviation=| 0.044|C

 - Winter is Dec:Feb
     Extreme Winter Week (nearest minimum temperature for winter)
     Extreme Cold Week Period selected: Feb 17:Feb 23, Minimum Temp=  -7.80C, Deviation=| 9.623|C

     Typical Winter Week (nearest average temperature for winter)
     Typical Week Period selected: Dec 15:Dec 21, Average Temp=   4.18C, Deviation=| 0.107|C

 - Autumn is Sep:Nov
     Typical Autumn Week (nearest average temperature for autumn)
     Typical Week Period selected: Oct 13:Oct 19, Average Temp=  10.04C, Deviation=| 0.239|C

 - Spring is Mar:May
     Typical Spring Week (nearest average temperature for spring)
     Typical Week Period selected: Mar 29:Apr  4, Average Temp=   8.35C, Deviation=| 0.052|C


 -   83 cooling degree-days (18C baseline)
 - 3180 heating degree-days (18C baseline)

 -  759 cooling degree-days (10C baseline)
 -  934 heating degree-days (10C baseline)

 - Monthly Statistics for Dry Bulb temperatures C
 	           	Jan	Feb	Mar	Apr	May	Jun	Jul	Aug	Sep	Oct	Nov	Dec	
 	Daily Avg	  4.2	  3.6	  6.2	  7.7	 11.1	 13.8	 16.5	 15.9	 13.3	 10.3	  6.5	  4.7	
 	 Maximum 	 12.9	 14.3	 17.6	 19.7	 20.0	 30.8	 28.4	 26.1	 24.1	 18.8	 12.1	 13.9	
 	 Minimum 	 -3.8	 -7.8	 -4.3	 -0.6	  2.0	  5.1	  6.2	  7.3	  4.6	  1.5	 -4.1	 -4.7	
   - Maximum Dry Bulb temperature of  30.8C on Jun 30
   - Minimum Dry Bulb temperature of  -7.8C on Feb  1

 - Monthly Statistics for Dew Point temperatures C
 	           	Jan	Feb	Mar	Apr	May	Jun	Jul	Aug	Sep	Oct	Nov	Dec	
 	Daily Avg	  1.2	  1.0	  1.6	  3.2	  7.2	  8.4	 10.2	 10.4	  8.0	  6.8	  4.0	  3.1	
 	 Maximum 	 10.2	  9.5	  8.8	 11.1	 13.7	 15.2	 15.5	 20.1	 19.3	 14.0	 10.2	 10.7	
 	 Minimum 	 -7.6	-10.0	 -5.7	 -3.3	  0.2	  1.6	 -0.2	  2.6	  1.4	 -2.4	 -4.7	 -5.4	
   - Maximum Dew Point temperature of  20.1C on Aug  3
   - Minimum Dew Point temperature of -10.0C on Feb  1

 - Monthly Calculated "undisturbed" Ground Temperatures C
 	           	Jan	Feb	Mar	Apr	May	Jun	Jul	Aug	Sep	Oct	Nov	Dec	
 	   .5 m  	  4.4	  3.9	  4.9	  7.2	 10.3	 13.2	 15.2	 15.7	 14.7	 12.3	  9.3	  6.3	
 	  2.0 m  	  6.3	  5.4	  5.6	  7.0	  9.0	 11.4	 13.2	 14.2	 14.0	 12.6	 10.5	  8.2	
 	  4.0 m  	  7.9	  7.0	  6.8	  7.4	  8.6	 10.2	 11.6	 12.6	 12.8	 12.2	 11.0	  9.4	

 - Monthly Statistics for Solar Wh/m2
 	           	Jan	Feb	Mar	Apr	May	Jun	Jul	Aug	Sep	Oct	Nov	Dec	
 	Direct Avg 	  752	 1013	 1326	 2067	 2795	 2664	 2658	 2399	 1572	  823	  728	  604	
 	Direct Max 	 3135	 4789	 5254	 7329	 8257	 8360	 7604	 7107	 5555	 4170	 3364	 2260	
 	Diffuse Avg	  447	  877	 1546	 2224	 2719	 3057	 3175	 2541	 1883	 1076	  551	  329	
   - Maximum Direct Solar of  8360 Wh/m2 on Jun 29

 - Monthly Average Daily Relative Humidity %
 	           	Jan	Feb	Mar	Apr	May	Jun	Jul	Aug	Sep	Oct	Nov	Dec	
 	      4am	   83	   88	   83	   87	   93	   89	   90	   89	   87	   86	   87	   91	
 	     10am	   81	   81	   71	   67	   71	   65	   60	   61	   65	   79	   83	   91	
 	      3pm	   77	   71	   58	   60	   63	   56	   47	   53	   53	   66	   79	   86	
 	     10pm	   82	   86	   77	   80	   85	   81	   78	   82	   79	   85	   86	   90	

 - Monthly Indicators for Precipitation/Moisture (kPa)
 	           	Jan	Feb	Mar	Apr	May	Jun	Jul	Aug	Sep	Oct	Nov	Dec	
 	         	  0.7	  0.7	  0.7	  0.8	  1.0	  1.1	  1.2	  1.2	  1.0	  1.0	  0.9	  0.8	

 - Monthly Average Daily Wind Direction 
 	           	Jan	Feb	Mar	Apr	May	Jun	Jul	Aug	Sep	Oct	Nov	Dec	
 	         	  229	  226	  182	  195	  192	  225	  206	  195	  236	  199	  206	  195	

 - Monthly Statistics for Wind Speed m/s
 	           	Jan	Feb	Mar	Apr	May	Jun	Jul	Aug	Sep	Oct	Nov	Dec	
 	Daily Avg	  5.8	  3.7	  4.5	  5.6	  3.7	  4.3	  3.4	  3.8	  4.3	  4.2	  4.0	  3.7	
 	 Maximum 	 17.0	 13.4	 13.4	 12.9	  9.8	 11.8	  9.3	 10.8	 13.9	 16.4	 12.9	 10.3	
   - Maximum Wind Speed of  17.0 m/s on Jan  9

