*Synopsis,for_flow
*Date,Tue Aug  2 20:33:33 2005
*cfg,cellular_offices_src.cfg
*Pressures, 29
1:1 exposed wall                        
1:1 exposed roof <10deg                 
1:1 exposed roof 10-30deg               
1:1 exposed roof >30deg                 
1:1 semi-exposed wall                   
1:1 semi-exposed roof <10deg            
1:1 semi-exposed roof 10-30deg          
1:1 semi-exposed roof >30deg            
1:1 sheltered wall                      
1:1 sheltered roof <10deg               
1:1 sheltered roof 10-30deg             
1:1 sheltered roof >30deg               
2:1 exposed long wall                   
1:2 exposed short wall                  
2:1 exposed roof <10deg                 
2:1 exposed roof 10-30deg               
2:1 exposed roof >30deg                 
2:1 semi-exposed long wall              
2:1 semi-exposed short wall             
2:1 semi-exposed roof <10deg            
2:1 semi-exposed roof 10-30deg          
2:1 semi-exposed roof >30deg            
2:1 sheltered long wall                 
2:1 sheltered short wall                
2:1 sheltered roof <10deg               
2:1 sheltered roof 10-30deg             
2:1 sheltered roof >30deg               
1:1 exposed wall                        
1:1 exposed roof no pitch               
*End_Pressures
*Zones,  3 # name, volume, centre @ XYZ
manager_a,40.5,1.500,2.250,1.500
manager_b,40.5,4.600,2.250,1.500
corridor,18.3,3.050,5.050,1.500
*End_Zones
*Surfaces, 40 # connection, description, area, azimuth, elevation,  Z Min/COG/Max
  1 pt_gener:manager_ >|< pt_gener:manager_,manager_a,pt_general,13.500,90.000,0.000,0.000,1.380,3.000
  2 part_fra:manager_ >|< part_fra:corridor,manager_a,part_frame,0.920,360.000,0.000,0.000,1.364,3.000
  3 door:manager_a >|< door:corridor,manager_a,door,2.320,360.000,0.000,0.000,1.450,2.900
  4 pt_other:manager_a >|< Identical,manager_a,pt_other,6.000,270.000,0.000,0.000,1.500,3.000
  5 ceiling:manager_a >|< Identical,manager_a,ceiling,13.500,0.000,90.000,3.000,3.000,3.000
  6 floor:manager_a >|< Identical,manager_a,floor,13.500,0.000,-90.000,0.000,0.000,0.000
  7 spandral:manager_a >|< External,manager_a,spandral,2.700,180.000,0.000,0.000,0.600,0.900
  8 frame:manager_a >|< External,manager_a,frame,0.980,180.000,0.000,0.900,1.608,3.000
  9 glazing:manager_a >|< External,manager_a,glazing,5.320,180.000,0.000,1.000,1.950,2.900
 10 part_gla:manager_ >|< part_gla:corridor,manager_a,part_glaz,4.480,360.000,0.000,0.100,1.500,2.900
 11 ptn_cori:manager_ >|< ptn_cori:corridor,manager_a,ptn_corid,1.280,360.000,0.000,0.000,2.114,3.000
 12 pt_other_a:manager_a >|< Identical,manager_a,pt_other_a,0.450,270.000,0.000,0.000,1.500,3.000
 13 pt_other_b:manager_a >|< Identical,manager_a,pt_other_b,7.050,270.000,0.000,0.000,1.380,3.000
 14 pt_gener:manager_ >|< pt_gener:manager_,manager_b,pt_general,13.500,270.000,0.000,0.000,1.380,3.000
 15 part_fra:manager_ >|< part_fra:corridor,manager_b,part_frame,0.920,360.000,0.000,0.000,1.364,3.000
 16 door:manager_b >|< door_b:corridor,manager_b,door,2.320,360.000,0.000,0.000,1.450,2.900
 17 pt_other:manager_b >|< Identical,manager_b,pt_other,6.000,90.000,0.000,0.000,1.500,3.000
 18 ceiling:manager_b >|< Identical,manager_b,ceiling,13.500,0.000,90.000,3.000,3.000,3.000
 19 floor:manager_b >|< Identical,manager_b,floor,13.500,0.000,-90.000,0.000,0.000,0.000
 20 spandral:manager_b >|< External,manager_b,spandral,2.700,180.000,0.000,0.000,0.600,0.900
 21 frame:manager_b >|< External,manager_b,frame,0.980,180.000,0.000,0.900,1.608,3.000
 22 glazing:manager_b >|< External,manager_b,glazing,5.320,180.000,0.000,1.000,1.950,2.900
 23 part_gla:manager_ >|< part_gla:corridor,manager_b,part_glaz,4.480,360.000,0.000,0.100,1.500,2.900
 24 ptn_cori:manager_ >|< ptn_cori:corridor,manager_b,ptn_corid,1.280,0.000,0.000,0.000,2.114,3.000
 25 pt_other_a:manager_b >|< Identical,manager_b,pt_other_a,0.450,90.000,0.000,0.000,1.500,3.000
 26 pt_other_b:manager_b >|< Identical,manager_b,pt_other_b,7.050,90.000,0.000,0.000,1.380,3.000
 27 right_fict:corridor >|< Identical,corridor,right_fict,3.000,90.000,0.000,0.000,1.500,3.000
 28 wall:corridor >|< Identical,corridor,wall,18.300,0.000,0.000,0.000,1.500,3.000
 29 left_fict:corridor >|< Identical,corridor,left_fict,3.000,270.000,0.000,0.000,1.500,3.000
 30 ceiling:corridor >|< Identical,corridor,ceiling,6.100,0.000,90.000,3.000,3.000,3.000
 31 floor:corridor >|< Identical,corridor,floor,6.100,0.000,-90.000,0.000,0.000,0.000
 32 door:corridor >|< door:manager_a,corridor,door,2.320,180.000,0.000,0.000,1.450,2.900
 33 ptn_cori:corridor >|< ptn_cori:manager_,corridor,ptn_corid,1.280,180.000,0.000,0.000,2.114,3.000
 34 part_fra:corridor >|< part_fra:manager_,corridor,part_frame,0.920,180.000,0.000,0.000,1.364,3.000
 35 part_gla:corridor >|< part_gla:manager_,corridor,part_glaz,4.480,180.000,0.000,0.100,1.500,2.900
 36 part_fra:corridor >|< part_fra:manager_,corridor,part_frameb,0.920,180.000,0.000,0.000,1.364,3.000
 37 door_b:corridor >|< door:manager_b,corridor,door_b,2.320,180.000,0.000,0.000,1.450,2.900
 38 ptn_cori:corridor >|< ptn_cori:manager_,corridor,ptn_coridb,1.280,180.000,0.000,0.000,2.114,3.000
 39 part_gla:corridor >|< part_gla:manager_,corridor,part_glazb,4.480,180.000,0.000,0.100,1.500,2.900
 40 filler:corridor >|< adiabatic,corridor,filler,0.300,180.000,0.000,0.000,1.500,3.000
*End_Surfaces
