 -Input File Type=IWC, with FileName=c:\iwec\033220.iwc
 -WMO Station 033220


 Statistics for GBR_Aughton_IWEC
 Location -- AUGHTON GBR  
      {N 53 32'} {W   2 55'} {GMT +0.0 Hours}
 Elevation --    56m above sea level
 Data Source -- IWEC Data

 - Using Design Conditions from "World Climate Design Data 2001 ASHRAE Handbook"
 - Climate type "Cfb" (Koppen classification)
 - Marine west coastal (warm summer, mild winter, rain all year, lat. 35-60N)

 - Typical/Extreme Period Determination
 - Summer is Jul:Sep
     Extreme Summer Week (nearest maximum temperature for summer)
     Extreme Hot Week Period selected: Jul 29:Aug  4, Maximum Temp=  24.80C, Deviation=| 7.489|C

     Typical Summer Week (nearest average temperature for summer)
     Typical Week Period selected: Jul  8:Jul 14, Average Temp=  14.47C, Deviation=| 0.110|C

 - Winter is Jan:Mar
     Extreme Winter Week (nearest minimum temperature for winter)
     Extreme Cold Week Period selected: Feb 12:Feb 18, Minimum Temp=  -2.90C, Deviation=| 4.714|C

     Typical Winter Week (nearest average temperature for winter)
     Typical Week Period selected: Jan 15:Jan 21, Average Temp=   5.04C, Deviation=| 0.169|C

 - Autumn is Oct:Dec
     Typical Autumn Week (nearest average temperature for autumn)
     Typical Week Period selected: Nov  5:Nov 11, Average Temp=   7.72C, Deviation=| 0.074|C

 - Spring is Apr:Jun
     Typical Spring Week (nearest average temperature for spring)
     Typical Week Period selected: May  6:May 12, Average Temp=  10.78C, Deviation=| 0.108|C


 -   20 cooling degree-days (18C baseline)
 - 3116 heating degree-days (18C baseline)

 -  632 cooling degree-days (10C baseline)
 -  807 heating degree-days (10C baseline)

 - Monthly Statistics for Dry Bulb temperatures C
 	           	Jan	Feb	Mar	Apr	May	Jun	Jul	Aug	Sep	Oct	Nov	Dec	
 	Daily Avg	  4.7	  3.7	  6.6	  8.3	 10.8	 13.3	 15.5	 15.1	 12.7	 10.2	  7.0	  5.9	
 	 Maximum 	 13.0	 11.8	 16.4	 15.5	 20.2	 21.3	 23.6	 24.1	 24.8	 18.4	 14.8	 14.0	
 	 Minimum 	 -2.3	 -2.9	 -0.9	  0.7	  5.5	  7.8	 10.0	  8.1	  5.5	  1.3	 -1.5	 -3.8	
   - Maximum Dry Bulb temperature of  24.8C on Sep  7
   - Minimum Dry Bulb temperature of  -3.8C on Dec  9

 - Monthly Statistics for Dew Point temperatures C
 	           	Jan	Feb	Mar	Apr	May	Jun	Jul	Aug	Sep	Oct	Nov	Dec	
 	Daily Avg	  1.8	  1.0	  2.6	  4.7	  6.5	 10.2	 11.2	 10.8	  9.6	  7.3	  4.8	  3.6	
 	 Maximum 	 10.2	  8.6	  9.4	 13.5	 13.2	 16.3	 16.7	 18.6	 16.8	 13.7	 10.7	 11.3	
 	 Minimum 	-10.6	 -5.3	 -4.5	 -3.3	  1.2	  4.5	  4.8	  4.5	  3.6	 -0.4	 -2.0	 -6.4	
   - Maximum Dew Point temperature of  18.6C on Aug  4
   - Minimum Dew Point temperature of -10.6C on Jan  1

 - Monthly Calculated "undisturbed" Ground Temperatures C
 	           	Jan	Feb	Mar	Apr	May	Jun	Jul	Aug	Sep	Oct	Nov	Dec	
 	   .5 m  	  4.8	  4.3	  5.2	  7.4	 10.2	 12.9	 14.7	 15.2	 14.3	 12.1	  9.3	  6.6	
 	  2.0 m  	  6.6	  5.8	  5.9	  7.2	  9.1	 11.2	 12.9	 13.8	 13.6	 12.3	 10.4	  8.3	
 	  4.0 m  	  8.1	  7.2	  7.0	  7.5	  8.7	 10.1	 11.4	 12.3	 12.5	 12.0	 10.8	  9.4	

 - Monthly Statistics for Solar Wh/m2
 	           	Jan	Feb	Mar	Apr	May	Jun	Jul	Aug	Sep	Oct	Nov	Dec	
 	Direct Avg 	  527	 1117	 1391	 2423	 2795	 2636	 2353	 2200	 1959	 1096	  628	  418	
 	Direct Max 	 2274	 3970	 5730	 7294	 7909	 9014	 6961	 7311	 6631	 4668	 2514	 1911	
 	Diffuse Avg	  409	  760	 1412	 2142	 2811	 3010	 2867	 2623	 1795	 1067	  566	  352	
   - Maximum Direct Solar of  9014 Wh/m2 on Jun  9

 - Monthly Average Daily Relative Humidity %
 	           	Jan	Feb	Mar	Apr	May	Jun	Jul	Aug	Sep	Oct	Nov	Dec	
 	      4am	   84	   87	   83	   86	   84	   90	   88	   86	   88	   89	   88	   86	
 	     10am	   82	   82	   76	   77	   74	   77	   71	   72	   79	   82	   87	   85	
 	      3pm	   78	   75	   65	   70	   66	   72	   65	   64	   71	   74	   81	   81	
 	     10pm	   81	   84	   77	   82	   78	   87	   82	   80	   84	   84	   86	   85	

 - Monthly Indicators for Precipitation/Moisture (kPa)
 	           	Jan	Feb	Mar	Apr	May	Jun	Jul	Aug	Sep	Oct	Nov	Dec	
 	         	  0.7	  0.7	  0.7	  0.9	  1.0	  1.3	  1.3	  1.3	  1.2	  1.1	  0.9	  0.8	

 - Monthly Average Daily Wind Direction 
 	           	Jan	Feb	Mar	Apr	May	Jun	Jul	Aug	Sep	Oct	Nov	Dec	
 	         	  207	  175	  178	  142	  205	  227	  210	  194	  230	  169	  143	  141	

 - Monthly Statistics for Wind Speed m/s
 	           	Jan	Feb	Mar	Apr	May	Jun	Jul	Aug	Sep	Oct	Nov	Dec	
 	Daily Avg	  5.8	  4.8	  5.2	  3.7	  5.5	  3.7	  3.6	  3.9	  4.9	  4.3	  3.6	  4.1	
 	 Maximum 	 15.4	 13.9	 12.3	  9.8	 15.4	 10.3	 10.8	 10.8	 13.4	 10.3	 11.3	  9.8	
   - Maximum Wind Speed of  15.4 m/s on Jan 21

