climate/solar/direct_normal_radiation::Total_Average 23.220238 (W/m2) 
climate/solar/direct_normal_radiation::Active_Average 23.220238 (W/m2)
climate/solar/direct_normal_radiation::Maximum 690.000000 (W/m2)
climate/solar/direct_normal_radiation::Minimum 0.000000 (W/m2)
control/re_h2_ctl/net_power_balance/PEMFC_active::Total_Average 0.000000 (W) 
control/re_h2_ctl/net_power_balance/PEMFC_active::Active_Average 0.000000 (W)
control/re_h2_ctl/net_power_balance/PEMFC_active::Maximum 0.000000 (W)
control/re_h2_ctl/net_power_balance/PEMFC_active::Minimum 0.000000 (W)
control/re_h2_ctl/net_power_balance/PEMFC_active::AnnualTotal 0.000000 (GJ) 
control/re_h2_ctl/net_power_balance/battery_charge::Total_Average -19.755546 (W) 
control/re_h2_ctl/net_power_balance/battery_charge::Active_Average -19.755546 (W)
control/re_h2_ctl/net_power_balance/battery_charge::Maximum 2412.318359 (W)
control/re_h2_ctl/net_power_balance/battery_charge::Minimum -10824.797852 (W)
control/re_h2_ctl/net_power_balance/battery_charge::AnnualTotal -0.011948 (GJ) 
control/re_h2_ctl/net_power_balance/battery_discharge::Total_Average -792.797901 (W) 
control/re_h2_ctl/net_power_balance/battery_discharge::Active_Average -792.797901 (W)
control/re_h2_ctl/net_power_balance/battery_discharge::Maximum 6.918396 (W)
control/re_h2_ctl/net_power_balance/battery_discharge::Minimum -11949.756836 (W)
control/re_h2_ctl/net_power_balance/battery_discharge::AnnualTotal -0.479484 (GJ) 
control/re_h2_ctl/net_power_balance/electrolyzer_active::Total_Average 0.000000 (W) 
control/re_h2_ctl/net_power_balance/electrolyzer_active::Active_Average 0.000000 (W)
control/re_h2_ctl/net_power_balance/electrolyzer_active::Maximum 0.000000 (W)
control/re_h2_ctl/net_power_balance/electrolyzer_active::Minimum 0.000000 (W)
control/re_h2_ctl/net_power_balance/electrolyzer_active::AnnualTotal 0.000000 (GJ) 
electrical_net/hybrid_components/pump-1-ac/flux::Total_Average 0.000000 (W) 
electrical_net/hybrid_components/pump-1-ac/flux::Active_Average 0.000000 (W)
electrical_net/hybrid_components/pump-1-ac/flux::Maximum -0.000000 (W)
electrical_net/hybrid_components/pump-1-ac/flux::Minimum -0.000000 (W)
electrical_net/hybrid_components/pump-1-ac/flux::AnnualTotal 0.000000 (GJ) 
electrical_net/hybrid_components/pump-2-ac/flux::Total_Average 0.000000 (W) 
electrical_net/hybrid_components/pump-2-ac/flux::Active_Average 0.000000 (W)
electrical_net/hybrid_components/pump-2-ac/flux::Maximum -0.000000 (W)
electrical_net/hybrid_components/pump-2-ac/flux::Minimum -0.000000 (W)
electrical_net/hybrid_components/pump-2-ac/flux::AnnualTotal 0.000000 (GJ) 
electrical_net/nodes/node_001/generation/real::Total_Average 880.484198 (W) 
electrical_net/nodes/node_001/generation/real::Active_Average 880.484198 (W)
electrical_net/nodes/node_001/generation/real::Maximum 5133.497070 (W)
electrical_net/nodes/node_001/generation/real::Minimum -0.046349 (W)
electrical_net/nodes/node_001/generation/real::AnnualTotal 0.532517 (GJ) 
electrical_net/nodes/node_001/load/real::Total_Average -1532.841087 (W) 
electrical_net/nodes/node_001/load/real::Active_Average -1532.841087 (W)
electrical_net/nodes/node_001/load/real::Maximum -0.005784 (W)
electrical_net/nodes/node_001/load/real::Minimum -10851.448242 (W)
electrical_net/nodes/node_001/load/real::AnnualTotal -0.927062 (GJ) 
electrical_net/nodes/node_001/voltage/magnitude::Total_Average 220.000000 (Volts) 
electrical_net/nodes/node_001/voltage/magnitude::Active_Average 220.000000 (Volts)
electrical_net/nodes/node_001/voltage/magnitude::Maximum 220.000000 (Volts)
electrical_net/nodes/node_001/voltage/magnitude::Minimum 220.000000 (Volts)
electrical_net/nodes/node_002/generation/real::Total_Average 261.845002 (W) 
electrical_net/nodes/node_002/generation/real::Active_Average 261.845002 (W)
electrical_net/nodes/node_002/generation/real::Maximum 3892.268311 (W)
electrical_net/nodes/node_002/generation/real::Minimum 0.000000 (W)
electrical_net/nodes/node_002/generation/real::AnnualTotal 0.158364 (GJ) 
electrical_net/nodes/node_002/load/real::Total_Average -261.845002 (W) 
electrical_net/nodes/node_002/load/real::Active_Average -261.845002 (W)
electrical_net/nodes/node_002/load/real::Maximum 0.000000 (W)
electrical_net/nodes/node_002/load/real::Minimum -3892.268311 (W)
electrical_net/nodes/node_002/load/real::AnnualTotal -0.158364 (GJ) 
electrical_net/nodes/node_002/voltage/magnitude::Total_Average 15.079079 (Volts) 
electrical_net/nodes/node_002/voltage/magnitude::Active_Average 15.079079 (Volts)
electrical_net/nodes/node_002/voltage/magnitude::Maximum 16.388218 (Volts)
electrical_net/nodes/node_002/voltage/magnitude::Minimum 14.286803 (Volts)
electrical_net/nodes/node_003/generation/real::Total_Average 734.353596 (W) 
electrical_net/nodes/node_003/generation/real::Active_Average 734.353596 (W)
electrical_net/nodes/node_003/generation/real::Maximum 5048.513184 (W)
electrical_net/nodes/node_003/generation/real::Minimum -0.044875 (W)
electrical_net/nodes/node_003/generation/real::AnnualTotal 0.444137 (GJ) 
electrical_net/nodes/node_003/load/real::Total_Average -881.241189 (W) 
electrical_net/nodes/node_003/load/real::Active_Average -881.241189 (W)
electrical_net/nodes/node_003/load/real::Maximum -60.830002 (W)
electrical_net/nodes/node_003/load/real::Minimum -5048.850098 (W)
electrical_net/nodes/node_003/load/real::AnnualTotal -0.532975 (GJ) 
electrical_net/nodes/node_003/voltage/magnitude::Total_Average 220.000000 (Volts) 
electrical_net/nodes/node_003/voltage/magnitude::Active_Average 220.000000 (Volts)
electrical_net/nodes/node_003/voltage/magnitude::Maximum 220.000000 (Volts)
electrical_net/nodes/node_003/voltage/magnitude::Minimum 220.000000 (Volts)
electrical_net/nodes/node_004/generation/real::Total_Average 0.000000 (W) 
electrical_net/nodes/node_004/generation/real::Active_Average 0.000000 (W)
electrical_net/nodes/node_004/generation/real::Maximum 0.000000 (W)
electrical_net/nodes/node_004/generation/real::Minimum 0.000000 (W)
electrical_net/nodes/node_004/generation/real::AnnualTotal 0.000000 (GJ) 
electrical_net/nodes/node_004/load/real::Total_Average 0.000000 (W) 
electrical_net/nodes/node_004/load/real::Active_Average 0.000000 (W)
electrical_net/nodes/node_004/load/real::Maximum 0.000000 (W)
electrical_net/nodes/node_004/load/real::Minimum 0.000000 (W)
electrical_net/nodes/node_004/load/real::AnnualTotal 0.000000 (GJ) 
electrical_net/nodes/node_004/voltage/magnitude::Total_Average 24.000000 (Volts) 
electrical_net/nodes/node_004/voltage/magnitude::Active_Average 24.000000 (Volts)
electrical_net/nodes/node_004/voltage/magnitude::Maximum 24.000000 (Volts)
electrical_net/nodes/node_004/voltage/magnitude::Minimum 24.000000 (Volts)
electrical_net/nodes/node_005/generation/real::Total_Average 0.000000 (W) 
electrical_net/nodes/node_005/generation/real::Active_Average 0.000000 (W)
electrical_net/nodes/node_005/generation/real::Maximum 0.000000 (W)
electrical_net/nodes/node_005/generation/real::Minimum 0.000000 (W)
electrical_net/nodes/node_005/generation/real::AnnualTotal 0.000000 (GJ) 
electrical_net/nodes/node_005/load/real::Total_Average 0.000000 (W) 
electrical_net/nodes/node_005/load/real::Active_Average 0.000000 (W)
electrical_net/nodes/node_005/load/real::Maximum 0.000000 (W)
electrical_net/nodes/node_005/load/real::Minimum 0.000000 (W)
electrical_net/nodes/node_005/load/real::AnnualTotal 0.000000 (GJ) 
electrical_net/nodes/node_005/voltage/magnitude::Total_Average 0.000000 (Volts) 
electrical_net/nodes/node_005/voltage/magnitude::Active_Average 0.000000 (Volts)
electrical_net/nodes/node_005/voltage/magnitude::Maximum 0.000000 (Volts)
electrical_net/nodes/node_005/voltage/magnitude::Minimum 0.000000 (Volts)
electrical_net/power_only_components/DC-AC-inv/misc_data/PCU_efficiency::Total_Average 0.822356 (-) 
electrical_net/power_only_components/DC-AC-inv/misc_data/PCU_efficiency::Active_Average 0.983315 (-)
electrical_net/power_only_components/DC-AC-inv/misc_data/PCU_efficiency::Maximum 1.000000 (-)
electrical_net/power_only_components/DC-AC-inv/misc_data/PCU_efficiency::Minimum 0.961321 (-)
electrical_net/power_only_components/DC-AC-inv/misc_data/PCU_power_input::Total_Average 746.675262 (W) 
electrical_net/power_only_components/DC-AC-inv/misc_data/PCU_power_input::Active_Average 746.675262 (W)
electrical_net/power_only_components/DC-AC-inv/misc_data/PCU_power_input::Maximum 5133.491211 (W)
electrical_net/power_only_components/DC-AC-inv/misc_data/PCU_power_input::Minimum 0.000000 (W)
electrical_net/power_only_components/DC-AC-inv/misc_data/PCU_power_input::AnnualTotal 0.451589 (GJ) 
electrical_net/power_only_components/DC-AC-inv/misc_data/PCU_power_loss::Total_Average 12.321666 (W) 
electrical_net/power_only_components/DC-AC-inv/misc_data/PCU_power_loss::Active_Average 12.321666 (W)
electrical_net/power_only_components/DC-AC-inv/misc_data/PCU_power_loss::Maximum 84.978027 (W)
electrical_net/power_only_components/DC-AC-inv/misc_data/PCU_power_loss::Minimum 0.000000 (W)
electrical_net/power_only_components/DC-AC-inv/misc_data/PCU_power_loss::AnnualTotal 0.007452 (GJ) 
electrical_net/power_only_components/DC-AC-inv/misc_data/PCU_power_output::Total_Average 734.353596 (W) 
electrical_net/power_only_components/DC-AC-inv/misc_data/PCU_power_output::Active_Average 734.353596 (W)
electrical_net/power_only_components/DC-AC-inv/misc_data/PCU_power_output::Maximum 5048.513184 (W)
electrical_net/power_only_components/DC-AC-inv/misc_data/PCU_power_output::Minimum -0.044875 (W)
electrical_net/power_only_components/DC-AC-inv/misc_data/PCU_power_output::AnnualTotal 0.444137 (GJ) 
electrical_net/power_only_components/PV-DC-DC/misc_data/PCU_efficiency::Total_Average 0.364417 (-) 
electrical_net/power_only_components/PV-DC-DC/misc_data/PCU_efficiency::Active_Average 0.979553 (-)
electrical_net/power_only_components/PV-DC-DC/misc_data/PCU_efficiency::Maximum 1.000000 (-)
electrical_net/power_only_components/PV-DC-DC/misc_data/PCU_efficiency::Minimum 0.857937 (-)
electrical_net/power_only_components/PV-DC-DC/misc_data/PCU_power_input::Total_Average 261.845002 (W) 
electrical_net/power_only_components/PV-DC-DC/misc_data/PCU_power_input::Active_Average 261.845002 (W)
electrical_net/power_only_components/PV-DC-DC/misc_data/PCU_power_input::Maximum 3892.268311 (W)
electrical_net/power_only_components/PV-DC-DC/misc_data/PCU_power_input::Minimum 0.000000 (W)
electrical_net/power_only_components/PV-DC-DC/misc_data/PCU_power_input::AnnualTotal 0.158364 (GJ) 
electrical_net/power_only_components/PV-DC-DC/misc_data/PCU_power_loss::Total_Average 4.404793 (W) 
electrical_net/power_only_components/PV-DC-DC/misc_data/PCU_power_loss::Active_Average 4.404793 (W)
electrical_net/power_only_components/PV-DC-DC/misc_data/PCU_power_loss::Maximum 62.610352 (W)
electrical_net/power_only_components/PV-DC-DC/misc_data/PCU_power_loss::Minimum 0.000000 (W)
electrical_net/power_only_components/PV-DC-DC/misc_data/PCU_power_loss::AnnualTotal 0.002664 (GJ) 
electrical_net/power_only_components/PV-DC-DC/misc_data/PCU_power_output::Total_Average 257.440210 (W) 
electrical_net/power_only_components/PV-DC-DC/misc_data/PCU_power_output::Active_Average 257.440210 (W)
electrical_net/power_only_components/PV-DC-DC/misc_data/PCU_power_output::Maximum 3829.657959 (W)
electrical_net/power_only_components/PV-DC-DC/misc_data/PCU_power_output::Minimum -0.044875 (W)
electrical_net/power_only_components/PV-DC-DC/misc_data/PCU_power_output::AnnualTotal 0.155700 (GJ) 
electrical_net/power_only_components/battery/misc_data/battery_heater_power::Total_Average 0.000000 (W) 
electrical_net/power_only_components/battery/misc_data/battery_heater_power::Active_Average 0.000000 (W)
electrical_net/power_only_components/battery/misc_data/battery_heater_power::Maximum 0.000000 (W)
electrical_net/power_only_components/battery/misc_data/battery_heater_power::Minimum 0.000000 (W)
electrical_net/power_only_components/battery/misc_data/battery_heater_power::AnnualTotal 0.000000 (GJ) 
electrical_net/power_only_components/battery/misc_data/battery_internal_heat::Total_Average 16.033991 (W) 
electrical_net/power_only_components/battery/misc_data/battery_internal_heat::Active_Average 16.033991 (W)
electrical_net/power_only_components/battery/misc_data/battery_internal_heat::Maximum 237.905289 (W)
electrical_net/power_only_components/battery/misc_data/battery_internal_heat::Minimum 0.000000 (W)
electrical_net/power_only_components/battery/misc_data/battery_internal_heat::AnnualTotal 0.009697 (GJ) 
electrical_net/power_only_components/battery/misc_data/battery_load::Total_Average 1409.205492 (W) 
electrical_net/power_only_components/battery/misc_data/battery_load::Active_Average 1409.205492 (W)
electrical_net/power_only_components/battery/misc_data/battery_load::Maximum 10851.442383 (W)
electrical_net/power_only_components/battery/misc_data/battery_load::Minimum 0.000000 (W)
electrical_net/power_only_components/battery/misc_data/battery_load::AnnualTotal 0.852287 (GJ) 
electrical_net/power_only_components/battery/misc_data/battery_power_balance::Total_Average 663.577934 (W) 
electrical_net/power_only_components/battery/misc_data/battery_power_balance::Active_Average 663.577934 (W)
electrical_net/power_only_components/battery/misc_data/battery_power_balance::Maximum 10851.442383 (W)
electrical_net/power_only_components/battery/misc_data/battery_power_balance::Minimum -190.900879 (W)
electrical_net/power_only_components/battery/misc_data/battery_power_balance::AnnualTotal 0.401332 (GJ) 
electrical_net/power_only_components/battery/misc_data/battery_system_charge_load::Total_Average -786.160034 (W) 
electrical_net/power_only_components/battery/misc_data/battery_system_charge_load::Active_Average -786.160034 (W)
electrical_net/power_only_components/battery/misc_data/battery_system_charge_load::Maximum 0.000000 (W)
electrical_net/power_only_components/battery/misc_data/battery_system_charge_load::Minimum -10851.442383 (W)
electrical_net/power_only_components/battery/misc_data/battery_system_charge_load::AnnualTotal -0.475470 (GJ) 
electrical_net/power_only_components/battery/misc_data/battery_system_demand::Total_Average 500.463358 (W) 
electrical_net/power_only_components/battery/misc_data/battery_system_demand::Active_Average 500.463358 (W)
electrical_net/power_only_components/battery/misc_data/battery_system_demand::Maximum 5133.543457 (W)
electrical_net/power_only_components/battery/misc_data/battery_system_demand::Minimum -2918.321289 (W)
electrical_net/power_only_components/battery/misc_data/battery_system_demand::AnnualTotal 0.302680 (GJ) 
electrical_net/power_only_components/battery/misc_data/battery_system_discharge_load::Total_Average 623.045459 (W) 
electrical_net/power_only_components/battery/misc_data/battery_system_discharge_load::Active_Average 623.045459 (W)
electrical_net/power_only_components/battery/misc_data/battery_system_discharge_load::Maximum 5133.543457 (W)
electrical_net/power_only_components/battery/misc_data/battery_system_discharge_load::Minimum 0.000000 (W)
electrical_net/power_only_components/battery/misc_data/battery_system_discharge_load::AnnualTotal 0.376818 (GJ) 
electrical_net/power_only_components/battery/misc_data/battery_system_load::Total_Average 1409.205492 (W) 
electrical_net/power_only_components/battery/misc_data/battery_system_load::Active_Average 1409.205492 (W)
electrical_net/power_only_components/battery/misc_data/battery_system_load::Maximum 10851.442383 (W)
electrical_net/power_only_components/battery/misc_data/battery_system_load::Minimum 0.000000 (W)
electrical_net/power_only_components/battery/misc_data/battery_system_load::AnnualTotal 0.852287 (GJ) 
electrical_net/power_only_components/elec-DC-DC/misc_data/PCU_power_input::Total_Average 0.005784 (W) 
electrical_net/power_only_components/elec-DC-DC/misc_data/PCU_power_input::Active_Average 0.005784 (W)
electrical_net/power_only_components/elec-DC-DC/misc_data/PCU_power_input::Maximum 0.005784 (W)
electrical_net/power_only_components/elec-DC-DC/misc_data/PCU_power_input::Minimum 0.005784 (W)
electrical_net/power_only_components/elec-DC-DC/misc_data/PCU_power_input::AnnualTotal 0.000003 (GJ) 
electrical_net/power_only_components/elec-DC-DC/misc_data/PCU_power_loss::Total_Average 0.005784 (W) 
electrical_net/power_only_components/elec-DC-DC/misc_data/PCU_power_loss::Active_Average 0.005784 (W)
electrical_net/power_only_components/elec-DC-DC/misc_data/PCU_power_loss::Maximum 0.005784 (W)
electrical_net/power_only_components/elec-DC-DC/misc_data/PCU_power_loss::Minimum 0.005784 (W)
electrical_net/power_only_components/elec-DC-DC/misc_data/PCU_power_loss::AnnualTotal 0.000003 (GJ) 
electrical_net/power_only_components/elec-DC-DC/misc_data/PCU_power_output::Total_Average 0.000000 (W) 
electrical_net/power_only_components/elec-DC-DC/misc_data/PCU_power_output::Active_Average 0.000000 (W)
electrical_net/power_only_components/elec-DC-DC/misc_data/PCU_power_output::Maximum 0.000000 (W)
electrical_net/power_only_components/elec-DC-DC/misc_data/PCU_power_output::Minimum 0.000000 (W)
electrical_net/power_only_components/elec-DC-DC/misc_data/PCU_power_output::AnnualTotal 0.000000 (GJ) 
electrical_net/power_only_components/elec-load/flux::Total_Average -881.241188 (W) 
electrical_net/power_only_components/elec-load/flux::Active_Average -881.241188 (W)
electrical_net/power_only_components/elec-load/flux::Maximum -60.830002 (W)
electrical_net/power_only_components/elec-load/flux::Minimum -5048.850098 (W)
electrical_net/power_only_components/elec-load/flux::AnnualTotal -0.532975 (GJ) 
electrical_net/power_only_components/pem-dc-dc/misc_data/PCU_power_input::Total_Average 0.000000 (W) 
electrical_net/power_only_components/pem-dc-dc/misc_data/PCU_power_input::Active_Average 0.000000 (W)
electrical_net/power_only_components/pem-dc-dc/misc_data/PCU_power_input::Maximum 0.000000 (W)
electrical_net/power_only_components/pem-dc-dc/misc_data/PCU_power_input::Minimum 0.000000 (W)
electrical_net/power_only_components/pem-dc-dc/misc_data/PCU_power_input::AnnualTotal 0.000000 (GJ) 
electrical_net/power_only_components/pem-dc-dc/misc_data/PCU_power_loss::Total_Average 0.001474 (W) 
electrical_net/power_only_components/pem-dc-dc/misc_data/PCU_power_loss::Active_Average 0.001474 (W)
electrical_net/power_only_components/pem-dc-dc/misc_data/PCU_power_loss::Maximum 0.001474 (W)
electrical_net/power_only_components/pem-dc-dc/misc_data/PCU_power_loss::Minimum 0.001474 (W)
electrical_net/power_only_components/pem-dc-dc/misc_data/PCU_power_loss::AnnualTotal 0.000001 (GJ) 
electrical_net/power_only_components/pem-dc-dc/misc_data/PCU_power_output::Total_Average -0.001474 (W) 
electrical_net/power_only_components/pem-dc-dc/misc_data/PCU_power_output::Active_Average -0.001474 (W)
electrical_net/power_only_components/pem-dc-dc/misc_data/PCU_power_output::Maximum -0.001474 (W)
electrical_net/power_only_components/pem-dc-dc/misc_data/PCU_power_output::Minimum -0.001474 (W)
electrical_net/power_only_components/pem-dc-dc/misc_data/PCU_power_output::AnnualTotal -0.000001 (GJ) 
plant/PEMFC/misc_data/average/heat_output::Total_Average 0.000000 (W) 
plant/PEMFC/misc_data/average/heat_output::Active_Average 0.000000 (W)
plant/PEMFC/misc_data/average/heat_output::Maximum 0.000000 (W)
plant/PEMFC/misc_data/average/heat_output::Minimum 0.000000 (W)
plant/PEMFC/misc_data/average/heat_output::AnnualTotal 0.000000 (GJ) 
plant/PEMFC/misc_data/average/power/AC::Total_Average 0.000000 (W) 
plant/PEMFC/misc_data/average/power/AC::Active_Average 0.000000 (W)
plant/PEMFC/misc_data/average/power/AC::Maximum 0.000000 (W)
plant/PEMFC/misc_data/average/power/AC::Minimum 0.000000 (W)
plant/PEMFC/misc_data/average/power/AC::AnnualTotal 0.000000 (GJ) 
plant/PEMFC/misc_data/average/power/DC::Total_Average 0.000000 (W) 
plant/PEMFC/misc_data/average/power/DC::Active_Average 0.000000 (W)
plant/PEMFC/misc_data/average/power/DC::Maximum 0.000000 (W)
plant/PEMFC/misc_data/average/power/DC::Minimum 0.000000 (W)
plant/PEMFC/misc_data/average/power/DC::AnnualTotal 0.000000 (GJ) 
plant/PEMFC/misc_data/average/skin_losses::Total_Average 0.000000 (W) 
plant/PEMFC/misc_data/average/skin_losses::Active_Average 0.000000 (W)
plant/PEMFC/misc_data/average/skin_losses::Maximum 0.000000 (W)
plant/PEMFC/misc_data/average/skin_losses::Minimum 0.000000 (W)
plant/PEMFC/misc_data/average/skin_losses::AnnualTotal 0.000000 (GJ) 
plant/PEMFC/misc_data/hydrogen/demand/LHV_flow_rate::Total_Average 0.000000 (W) 
plant/PEMFC/misc_data/hydrogen/demand/LHV_flow_rate::Active_Average 0.000000 (W)
plant/PEMFC/misc_data/hydrogen/demand/LHV_flow_rate::Maximum 0.000000 (W)
plant/PEMFC/misc_data/hydrogen/demand/LHV_flow_rate::Minimum 0.000000 (W)
plant/PEMFC/misc_data/hydrogen/demand/LHV_flow_rate::AnnualTotal 0.000000 (GJ) 
plant/PEMFC/misc_data/hydrogen/demand/mass_flow_rate::Total_Average 0.000000 (kg/s) 
plant/PEMFC/misc_data/hydrogen/demand/mass_flow_rate::Active_Average 0.000000 (kg/s)
plant/PEMFC/misc_data/hydrogen/demand/mass_flow_rate::Maximum 0.000000 (kg/s)
plant/PEMFC/misc_data/hydrogen/demand/mass_flow_rate::Minimum 0.000000 (kg/s)
plant/PEMFC/misc_data/hydrogen/demand/mass_flow_rate::AnnualTotal 0.000000 (kg) 
plant/PEMFC/misc_data/hydrogen/supply/LHV_flow_rate::Total_Average 0.000000 (W) 
plant/PEMFC/misc_data/hydrogen/supply/LHV_flow_rate::Active_Average 0.000000 (W)
plant/PEMFC/misc_data/hydrogen/supply/LHV_flow_rate::Maximum 0.000000 (W)
plant/PEMFC/misc_data/hydrogen/supply/LHV_flow_rate::Minimum 0.000000 (W)
plant/PEMFC/misc_data/hydrogen/supply/LHV_flow_rate::AnnualTotal 0.000000 (GJ) 
plant/PEMFC/misc_data/hydrogen/supply/mass_flow_rate::Total_Average 0.000000 (kg/s) 
plant/PEMFC/misc_data/hydrogen/supply/mass_flow_rate::Active_Average 0.000000 (kg/s)
plant/PEMFC/misc_data/hydrogen/supply/mass_flow_rate::Maximum 0.000000 (kg/s)
plant/PEMFC/misc_data/hydrogen/supply/mass_flow_rate::Minimum 0.000000 (kg/s)
plant/PEMFC/misc_data/hydrogen/supply/mass_flow_rate::AnnualTotal 0.000000 (kg) 
plant/PEMFC/node_1/connection_1/hydrogen_flow::Total_Average 0.000000 (kg/s) 
plant/PEMFC/node_1/connection_1/hydrogen_flow::Active_Average 0.000000 (kg/s)
plant/PEMFC/node_1/connection_1/hydrogen_flow::Maximum 0.000000 (kg/s)
plant/PEMFC/node_1/connection_1/hydrogen_flow::Minimum 0.000000 (kg/s)
plant/PEMFC/node_1/connection_1/hydrogen_flow::AnnualTotal 0.000000 (kg) 
plant/PEMFC/node_1/connection_1/temperature::Total_Average 19.967976 (oC) 
plant/PEMFC/node_1/connection_1/temperature::Active_Average 19.967976 (oC)
plant/PEMFC/node_1/connection_1/temperature::Maximum 19.992096 (oC)
plant/PEMFC/node_1/connection_1/temperature::Minimum 19.931046 (oC)
plant/PEMFC/node_1/temperature::Total_Average 19.967976 (oC) 
plant/PEMFC/node_1/temperature::Active_Average 19.967976 (oC)
plant/PEMFC/node_1/temperature::Maximum 19.992096 (oC)
plant/PEMFC/node_1/temperature::Minimum 19.931046 (oC)
plant/PEMFC/node_2/connection_1/temperature::Total_Average 20.000000 (oC) 
plant/PEMFC/node_2/connection_1/temperature::Active_Average 20.000000 (oC)
plant/PEMFC/node_2/connection_1/temperature::Maximum 20.000000 (oC)
plant/PEMFC/node_2/connection_1/temperature::Minimum 20.000000 (oC)
plant/PEMFC/node_2/temperature::Total_Average 20.000000 (oC) 
plant/PEMFC/node_2/temperature::Active_Average 20.000000 (oC)
plant/PEMFC/node_2/temperature::Maximum 20.000000 (oC)
plant/PEMFC/node_2/temperature::Minimum 20.000000 (oC)
plant/compressor/misc_data/electricalWork::Total_Average 0.000000 (W) 
plant/compressor/misc_data/electricalWork::Active_Average 0.000000 (W)
plant/compressor/misc_data/electricalWork::Maximum 0.000000 (W)
plant/compressor/misc_data/electricalWork::Minimum 0.000000 (W)
plant/compressor/misc_data/electricalWork::AnnualTotal 0.000000 (GJ) 
plant/compressor/misc_data/heatFlow::Total_Average 1.000000 (W) 
plant/compressor/misc_data/heatFlow::Active_Average 1.000000 (W)
plant/compressor/misc_data/heatFlow::Maximum 1.000000 (W)
plant/compressor/misc_data/heatFlow::Minimum 1.000000 (W)
plant/compressor/misc_data/heatFlow::AnnualTotal 0.000605 (GJ) 
plant/compressor/node_1/hydrogen_flow::Total_Average 0.000000 (kg/s) 
plant/compressor/node_1/hydrogen_flow::Active_Average 0.000000 (kg/s)
plant/compressor/node_1/hydrogen_flow::Maximum 0.000000 (kg/s)
plant/compressor/node_1/hydrogen_flow::Minimum 0.000000 (kg/s)
plant/compressor/node_1/hydrogen_flow::AnnualTotal 0.000000 (kg) 
plant/electrolyzer/misc_data/AC_power_demand::Total_Average 0.000000 (W) 
plant/electrolyzer/misc_data/AC_power_demand::Active_Average 0.000000 (W)
plant/electrolyzer/misc_data/AC_power_demand::Maximum 0.000000 (W)
plant/electrolyzer/misc_data/AC_power_demand::Minimum 0.000000 (W)
plant/electrolyzer/misc_data/AC_power_demand::AnnualTotal 0.000000 (GJ) 
plant/electrolyzer/misc_data/DC_power_demand::Total_Average 0.000000 (W) 
plant/electrolyzer/misc_data/DC_power_demand::Active_Average 0.000000 (W)
plant/electrolyzer/misc_data/DC_power_demand::Maximum 0.000000 (W)
plant/electrolyzer/misc_data/DC_power_demand::Minimum 0.000000 (W)
plant/electrolyzer/misc_data/DC_power_demand::AnnualTotal 0.000000 (GJ) 
plant/electrolyzer/misc_data/H2O_flow_kgs::Total_Average 0.000000 (kg/s) 
plant/electrolyzer/misc_data/H2O_flow_kgs::Active_Average 0.000000 (kg/s)
plant/electrolyzer/misc_data/H2O_flow_kgs::Maximum 0.000000 (kg/s)
plant/electrolyzer/misc_data/H2O_flow_kgs::Minimum 0.000000 (kg/s)
plant/electrolyzer/misc_data/H2O_flow_kgs::AnnualTotal 0.000000 (kg) 
plant/electrolyzer/misc_data/H2_flow_kgs::Total_Average 0.000000 (kg/s) 
plant/electrolyzer/misc_data/H2_flow_kgs::Active_Average 0.000000 (kg/s)
plant/electrolyzer/misc_data/H2_flow_kgs::Maximum 0.000000 (kg/s)
plant/electrolyzer/misc_data/H2_flow_kgs::Minimum 0.000000 (kg/s)
plant/electrolyzer/misc_data/H2_flow_kgs::AnnualTotal 0.000000 (kg) 
plant/electrolyzer/misc_data/O2_flow_kgs::Total_Average 0.000000 (kg/s) 
plant/electrolyzer/misc_data/O2_flow_kgs::Active_Average 0.000000 (kg/s)
plant/electrolyzer/misc_data/O2_flow_kgs::Maximum 0.000000 (kg/s)
plant/electrolyzer/misc_data/O2_flow_kgs::Minimum 0.000000 (kg/s)
plant/electrolyzer/misc_data/O2_flow_kgs::AnnualTotal 0.000000 (kg) 
plant/electrolyzer/misc_data/Qcool_present::Total_Average 0.000000 (W) 
plant/electrolyzer/misc_data/Qcool_present::Active_Average 0.000000 (W)
plant/electrolyzer/misc_data/Qcool_present::Maximum 0.000000 (W)
plant/electrolyzer/misc_data/Qcool_present::Minimum 0.000000 (W)
plant/electrolyzer/misc_data/Qcool_present::AnnualTotal 0.000000 (GJ) 
plant/electrolyzer/misc_data/Qinlet_water_htg::Total_Average 0.000000 (W) 
plant/electrolyzer/misc_data/Qinlet_water_htg::Active_Average 0.000000 (W)
plant/electrolyzer/misc_data/Qinlet_water_htg::Maximum 0.000000 (W)
plant/electrolyzer/misc_data/Qinlet_water_htg::Minimum 0.000000 (W)
plant/electrolyzer/misc_data/Qinlet_water_htg::AnnualTotal 0.000000 (GJ) 
plant/electrolyzer/misc_data/Qinternal_present::Total_Average 0.000000 (W) 
plant/electrolyzer/misc_data/Qinternal_present::Active_Average 0.000000 (W)
plant/electrolyzer/misc_data/Qinternal_present::Maximum 0.000000 (W)
plant/electrolyzer/misc_data/Qinternal_present::Minimum 0.000000 (W)
plant/electrolyzer/misc_data/Qinternal_present::AnnualTotal 0.000000 (GJ) 
plant/electrolyzer/misc_data/Qloss_present::Total_Average 0.000000 (W) 
plant/electrolyzer/misc_data/Qloss_present::Active_Average 0.000000 (W)
plant/electrolyzer/misc_data/Qloss_present::Maximum 0.000000 (W)
plant/electrolyzer/misc_data/Qloss_present::Minimum 0.000000 (W)
plant/electrolyzer/misc_data/Qloss_present::AnnualTotal 0.000000 (GJ) 
plant/electrolyzer/misc_data/elec_efficiency::Total_Average 0.854500 (-) 
plant/electrolyzer/misc_data/elec_efficiency::Active_Average 0.854500 (-)
plant/electrolyzer/misc_data/elec_efficiency::Maximum 0.854500 (-)
plant/electrolyzer/misc_data/elec_efficiency::Minimum 0.854500 (-)
plant/electrolyzer/node_1/hydrogen_flow::Total_Average 0.000000 (kg/s) 
plant/electrolyzer/node_1/hydrogen_flow::Active_Average 0.000000 (kg/s)
plant/electrolyzer/node_1/hydrogen_flow::Maximum 0.000000 (kg/s)
plant/electrolyzer/node_1/hydrogen_flow::Minimum 0.000000 (kg/s)
plant/electrolyzer/node_1/hydrogen_flow::AnnualTotal 0.000000 (kg) 
plant/electrolyzer/node_1/temperature::Total_Average 20.000000 (oC) 
plant/electrolyzer/node_1/temperature::Active_Average 20.000000 (oC)
plant/electrolyzer/node_1/temperature::Maximum 20.000000 (oC)
plant/electrolyzer/node_1/temperature::Minimum 20.000000 (oC)
plant/electrolyzer/node_2/connection_1/temperature::Total_Average 20.000000 (oC) 
plant/electrolyzer/node_2/connection_1/temperature::Active_Average 20.000000 (oC)
plant/electrolyzer/node_2/connection_1/temperature::Maximum 20.000000 (oC)
plant/electrolyzer/node_2/connection_1/temperature::Minimum 20.000000 (oC)
plant/electrolyzer/node_2/temperature::Total_Average 20.000000 (oC) 
plant/electrolyzer/node_2/temperature::Active_Average 20.000000 (oC)
plant/electrolyzer/node_2/temperature::Maximum 20.000000 (oC)
plant/electrolyzer/node_2/temperature::Minimum 20.000000 (oC)
plant/electrolyzer/node_3/temperature::Total_Average 0.000000 (oC) 
plant/electrolyzer/node_3/temperature::Active_Average 0.000000 (oC)
plant/electrolyzer/node_3/temperature::Maximum 0.000000 (oC)
plant/electrolyzer/node_3/temperature::Minimum 0.000000 (oC)
plant/h2-storage/misc_data/hydrogen_charge_rate::Total_Average 0.000000 (kg/s) 
plant/h2-storage/misc_data/hydrogen_charge_rate::Active_Average 0.000000 (kg/s)
plant/h2-storage/misc_data/hydrogen_charge_rate::Maximum 0.000000 (kg/s)
plant/h2-storage/misc_data/hydrogen_charge_rate::Minimum 0.000000 (kg/s)
plant/h2-storage/misc_data/hydrogen_charge_rate::AnnualTotal 0.000000 (kg) 
plant/h2-storage/misc_data/hydrogen_deficit_EXP::Total_Average 0.000000 (kg/s) 
plant/h2-storage/misc_data/hydrogen_deficit_EXP::Active_Average 0.000000 (kg/s)
plant/h2-storage/misc_data/hydrogen_deficit_EXP::Maximum 0.000000 (kg/s)
plant/h2-storage/misc_data/hydrogen_deficit_EXP::Minimum 0.000000 (kg/s)
plant/h2-storage/misc_data/hydrogen_deficit_EXP::AnnualTotal 0.000000 (kg) 
plant/h2-storage/misc_data/hydrogen_deficit_IMP::Total_Average 0.000000 (kg/s) 
plant/h2-storage/misc_data/hydrogen_deficit_IMP::Active_Average 0.000000 (kg/s)
plant/h2-storage/misc_data/hydrogen_deficit_IMP::Maximum 0.000000 (kg/s)
plant/h2-storage/misc_data/hydrogen_deficit_IMP::Minimum 0.000000 (kg/s)
plant/h2-storage/misc_data/hydrogen_deficit_IMP::AnnualTotal 0.000000 (kg) 
plant/h2-storage/misc_data/hydrogen_discharge_rate::Total_Average 0.000001 (kg/s) 
plant/h2-storage/misc_data/hydrogen_discharge_rate::Active_Average 0.000001 (kg/s)
plant/h2-storage/misc_data/hydrogen_discharge_rate::Maximum 0.000002 (kg/s)
plant/h2-storage/misc_data/hydrogen_discharge_rate::Minimum 0.000000 (kg/s)
plant/h2-storage/misc_data/hydrogen_discharge_rate::AnnualTotal 0.315499 (kg) 
plant/h2-storage/misc_data/pressure/future::Total_Average 3951.135296 (kPa) 
plant/h2-storage/misc_data/pressure/future::Active_Average 3951.135296 (kPa)
plant/h2-storage/misc_data/pressure/future::Maximum 3987.746094 (kPa)
plant/h2-storage/misc_data/pressure/future::Minimum 3911.014404 (kPa)
plant/h2-storage/misc_data/vent_H2_rate::Total_Average 0.000000 (kg/s) 
plant/h2-storage/misc_data/vent_H2_rate::Active_Average 0.000000 (kg/s)
plant/h2-storage/misc_data/vent_H2_rate::Maximum 0.000000 (kg/s)
plant/h2-storage/misc_data/vent_H2_rate::Minimum 0.000000 (kg/s)
plant/h2-storage/misc_data/vent_H2_rate::AnnualTotal 0.000000 (kg) 
plant/h2-storage/node_1/connection_1/hydrogen_flow::Total_Average 0.000000 (kg/s) 
plant/h2-storage/node_1/connection_1/hydrogen_flow::Active_Average 0.000000 (kg/s)
plant/h2-storage/node_1/connection_1/hydrogen_flow::Maximum 0.000000 (kg/s)
plant/h2-storage/node_1/connection_1/hydrogen_flow::Minimum 0.000000 (kg/s)
plant/h2-storage/node_1/connection_1/hydrogen_flow::AnnualTotal 0.000000 (kg) 
plant/h2-storage/node_1/hydrogen_flow::Total_Average 0.000000 (kg/s) 
plant/h2-storage/node_1/hydrogen_flow::Active_Average 0.000000 (kg/s)
plant/h2-storage/node_1/hydrogen_flow::Maximum 0.000000 (kg/s)
plant/h2-storage/node_1/hydrogen_flow::Minimum 0.000000 (kg/s)
plant/h2-storage/node_1/hydrogen_flow::AnnualTotal 0.000000 (kg) 
plant/h2-storage/node_1/temperature::Total_Average 19.967976 (oC) 
plant/h2-storage/node_1/temperature::Active_Average 19.967976 (oC)
plant/h2-storage/node_1/temperature::Maximum 19.992096 (oC)
plant/h2-storage/node_1/temperature::Minimum 19.931046 (oC)
plant/h2_dryer/misc_data/H2_app_demand::Total_Average 0.000000 (kg/s) 
plant/h2_dryer/misc_data/H2_app_demand::Active_Average 0.000000 (kg/s)
plant/h2_dryer/misc_data/H2_app_demand::Maximum 0.000001 (kg/s)
plant/h2_dryer/misc_data/H2_app_demand::Minimum 0.000000 (kg/s)
plant/h2_dryer/misc_data/H2_app_demand::AnnualTotal 0.141545 (kg) 
plant/h2_dryer/misc_data/H2_app_load::Total_Average 26.547083 (W) 
plant/h2_dryer/misc_data/H2_app_load::Active_Average 26.547083 (W)
plant/h2_dryer/misc_data/H2_app_load::Maximum 98.000000 (W)
plant/h2_dryer/misc_data/H2_app_load::Minimum 0.000000 (W)
plant/h2_dryer/misc_data/H2_app_load::AnnualTotal 0.016056 (GJ) 
plant/h2_stove/misc_data/H2_app_demand::Total_Average 0.000000 (kg/s) 
plant/h2_stove/misc_data/H2_app_demand::Active_Average 0.000000 (kg/s)
plant/h2_stove/misc_data/H2_app_demand::Maximum 0.000001 (kg/s)
plant/h2_stove/misc_data/H2_app_demand::Minimum 0.000000 (kg/s)
plant/h2_stove/misc_data/H2_app_demand::AnnualTotal 0.173954 (kg) 
plant/h2_stove/misc_data/H2_app_load::Total_Average 32.625417 (W) 
plant/h2_stove/misc_data/H2_app_load::Active_Average 32.625417 (W)
plant/h2_stove/misc_data/H2_app_load::Maximum 130.500000 (W)
plant/h2_stove/misc_data/H2_app_load::Minimum 0.000000 (W)
plant/h2_stove/misc_data/H2_app_load::AnnualTotal 0.019732 (GJ) 
